// Jest Snapshot v1, https://goo.gl/fbAQLP

exports[`should render PeopleIFollowFollowers component to match snapshot 1`] = `
<WithStyles(ForwardRef(Container))
  className="makeStyles-peopleIFollow-1"
  maxWidth="lg"
>
  <WithStyles(ForwardRef(Grid))
    alignItems="flex-start"
    container={true}
    justifyContent="center"
    spacing={4}
  >
    <WithStyles(ForwardRef(Grid))
      item={true}
      xs={12}
    >
      <PeopleIFollowHeader />
    </WithStyles(ForwardRef(Grid))>
    <WithStyles(ForwardRef(Grid))
      item={true}
      xs={12}
    >
      <Followers
        usersFollowingMe={false}
      />
    </WithStyles(ForwardRef(Grid))>
  </WithStyles(ForwardRef(Grid))>
</WithStyles(ForwardRef(Container))>
`;
