// Jest Snapshot v1, https://goo.gl/fbAQLP

exports[`should render SmallDot component to match snapshot 1`] = `
<div
  class="makeStyles-smallDot-1"
>
  <svg
    aria-hidden="true"
    class="MuiSvgIcon-root MuiSvgIcon-fontSizeInherit"
    focusable="false"
    viewBox="0 0 24 24"
  >
    <circle
      cx="12"
      cy="12"
      r="8"
    />
  </svg>
</div>
`;
