// Jest Snapshot v1, https://goo.gl/fbAQLP

exports[`should render PeopleIFollowHeader component to match snapshot 1`] = `
<div>
  <div>
    <NavLink
      to="/network"
    >
      <WithStyles(ForwardRef(Typography))
        variant="h5"
      >
        Follow fresh perspectives
      </WithStyles(ForwardRef(Typography))>
    </NavLink>
    <NavLink
      to="/network/following"
    >
      <WithStyles(ForwardRef(Typography))
        color="inherit"
        variant="h5"
      >
        1
         Following
      </WithStyles(ForwardRef(Typography))>
    </NavLink>
    <NavLink
      to="/network/followers"
    >
      <WithStyles(ForwardRef(Typography))
        color="inherit"
        variant="h5"
      >
        2
         Followers
      </WithStyles(ForwardRef(Typography))>
    </NavLink>
  </div>
  <SharedButton
    onClick={[Function]}
    title="Done"
  />
</div>
`;
