// Jest Snapshot v1, https://goo.gl/fbAQLP

exports[`should render JobsMain component to match snapshot 1`] = `
<div>
  <WithStyles(ForwardRef(Typography))
    variant="h3"
  >
    Recommended for you
  </WithStyles(ForwardRef(Typography))>
  <WithStyles(ForwardRef(Typography))
    variant="h5"
  >
    Based on your profile and search history
  </WithStyles(ForwardRef(Typography))>
  <Vacancy />
  <div>
    <SharedLinkSquare
      title="See more jobs"
    />
  </div>
</div>
`;
