// Jest Snapshot v1, https://goo.gl/fbAQLP

exports[`should render ShareBox component to match snapshot 1`] = `
<div>
  <Link
    to="/profiles/10"
  >
    <Image
      alt="user avatar"
      imageUrl="linkedin/avatars/vnxm3wl3erio9ajtezlr"
      type="largeAvatar"
    />
  </Link>
  <button
    disabled={false}
    onClick={[Function]}
  >
    Start a post
  </button>
</div>
`;
