// Jest Snapshot v1, https://goo.gl/fbAQLP

exports[`should render Navbar component to match snapshot 1`] = `
<div
  className="makeStyles-navbar-1"
>
  <NavbarItem
    Icon={
      <Memo
        fontSize="inherit"
        onClick={[Function]}
      />
    }
    arrow={false}
    badge={false}
    key="0"
    title="Home"
    to="/home"
    toggleMenu={false}
  />
  <NavbarItem
    Icon={
      <Memo
        fontSize="inherit"
        onClick={[Function]}
      />
    }
    arrow={false}
    badge={false}
    exact={false}
    key="1"
    title="Network"
    to="/network"
    toggleMenu={false}
  />
  <NavbarItem
    Icon={
      <Memo
        fontSize="inherit"
        onClick={[Function]}
      />
    }
    arrow={false}
    badge={false}
    exact={false}
    key="2"
    title="Jobs"
    to="/jobs"
    toggleMenu={false}
  />
  <NavbarItem
    Icon={
      <Memo
        fontSize="inherit"
        onClick={[Function]}
      />
    }
    arrow={false}
    badge={true}
    key="3"
    title="Messages"
    to="/messages"
    toggleMenu={false}
  />
  <NavbarItem
    Icon={
      <Memo
        fontSize="inherit"
        onClick={[Function]}
      />
    }
    arrow={false}
    badge={false}
    key="4"
    title="Notifications"
    to="/notifications"
    toggleMenu={false}
  />
  <NavbarItem
    Icon={
      <Memo
        fontSize="inherit"
        onClick={[Function]}
      />
    }
    arrow={true}
    badge={false}
    key="5"
    title="Me"
    to="/profiles/undefined"
    toggleMenu={true}
  />
</div>
`;
