// Jest Snapshot v1, https://goo.gl/fbAQLP

exports[`should render Feed component to match snapshot 1`] = `
<Fragment>
  <div
    className="makeStyles-feed-1"
  >
    <ShareBox
      activeUser={false}
    />
    <Post
      feedType="posts"
      key="26"
      post={
        Object {
          "createdDate": "2021-10-13T16:26:30.35932",
          "id": 26,
          "imgPublicId": "linkedin/posts-img/abqr3eucghxxz31uwhwq",
          "isBookmarkedByActiveUser": false,
          "isLikedByActiveUser": false,
          "numberOfComments": 0,
          "numberOfLikes": 0,
          "text": "Lorem ipsum dolor sit amet, consectetuer adipiscing elit. Aenean commodo ligula eget dolor. Aenean massa. Cum sociis natoque penatibus et magnis dis parturient montes, nascetur ridiculus mus. Donec quam felis, ultricies nec, pellentesque eu, pretium quis, sem. Nulla consequat massa quis enim. Donec pede justo, fringilla vel, aliquet nec, vulputate eget, arcu. In enim justo, rhoncus ut, imperdiet a, venenatis vitae, justo. Nullam dictum felis eu pede mollis pretium. Integer tincidunt. Cras dapibus. Vivamus elementum semper nisi. Aenean vulputate eleifend tellus. Aenean leo ligula, porttitor eu, consequat vitae, eleifend ac, enim. Aliquam lorem ante, dapibus in, viverra quis, feugiat a, tellus. Phasellus viverra nulla ut metus varius laoreet. ",
          "user": Object {
            "avatarPublicId": "linkedin/avatars/hj8sulgxxo5ywotggkcy",
            "createdDate": "2015-08-12T07:32:31.123123",
            "fullName": "Katherine McCarthy",
            "id": 5,
            "positionAndCompany": "HR-consultant at Amazon.com",
          },
          "videoPublicId": "",
        }
      }
    />
    <Post
      feedType="posts"
      key="25"
      post={
        Object {
          "createdDate": "2021-10-13T15:50:15.432752",
          "id": 25,
          "imgPublicId": "linkedin/posts-img/dmmquywq4wovtluxyezr",
          "isBookmarkedByActiveUser": false,
          "isLikedByActiveUser": false,
          "numberOfComments": 0,
          "numberOfLikes": 0,
          "text": "Indeed, it was a long journey.
I would never have thought I get this far. I doubted it even after my HR, Sam Sherwood, told me that I got the offer. It was surreal. I wish I could explain better how I feel, but all I can say is, “thank you, God!”
I am delighted to tell you that I will be joinning as software engineer at Google Cloud. I cannot thank you enough to my HR, Sam Sherwood for everything he has done for me from the beginning to the end of hiring process. I could not have done it without you! Thank you!
I also thank you to many other people who have supported me along the way! Jacob Marquez, Jack Zeya Li, Wendy Hsu, Henry Ryu, Wei-Chih Chen and more…
I sincerely enjoyed the ride with #AlgoExpert platform and Clement Mihailescu. I learned so much from it and it was the fundamental support for technical interviews. Thank you as well!
Let’s begin the new journey!",
          "user": Object {
            "avatarPublicId": "linkedin/avatars/hj8sulgxxo5ywotggkcy",
            "createdDate": "2015-08-12T07:32:31.123123",
            "fullName": "Katherine McCarthy",
            "id": 5,
            "positionAndCompany": "HR-consultant at Amazon.com",
          },
          "videoPublicId": "",
        }
      }
    />
    <Post
      feedType="posts"
      key="23"
      post={
        Object {
          "createdDate": "2021-08-12T18:22:32.123123",
          "id": 23,
          "imgPublicId": "",
          "isBookmarkedByActiveUser": false,
          "isLikedByActiveUser": false,
          "numberOfComments": 0,
          "numberOfLikes": 0,
          "text": "Do you dream of becoming a great specialist in IT sphere?All training programs in DAN.IT are developed according to the standards of the IT division of the Israeli army (MAMRAM) using the TELEM methodology",
          "user": Object {
            "avatarPublicId": "linkedin/avatars/kgpkn4a4fudfjpebyegx",
            "createdDate": "2015-03-03T22:22:32.123123",
            "fullName": "Frank Jackson",
            "id": 2,
            "positionAndCompany": "Head of CIS region at Apple",
          },
          "videoPublicId": "linkedin/posts-video/xtkqkvhnfqurfibwksst",
        }
      }
    />
    <Post
      feedType="posts"
      key="22"
      post={
        Object {
          "createdDate": "2021-05-22T13:35:10.111222",
          "id": 22,
          "imgPublicId": "",
          "isBookmarkedByActiveUser": false,
          "isLikedByActiveUser": false,
          "numberOfComments": 0,
          "numberOfLikes": 0,
          "text": "Storrors first was crossing from Europe to Asia by parkour. Bring your next first to life with Canon.",
          "user": Object {
            "avatarPublicId": "linkedin/avatars/hj8sulgxxo5ywotggkcy",
            "createdDate": "2015-08-12T07:32:31.123123",
            "fullName": "Katherine McCarthy",
            "id": 5,
            "positionAndCompany": "HR-consultant at Amazon.com",
          },
          "videoPublicId": "",
        }
      }
    />
  </div>
</Fragment>
`;
