// Jest Snapshot v1, https://goo.gl/fbAQLP

exports[`should render RegisterGooglePage component to match snapshot 1`] = `
<WithStyles(ForwardRef(Paper))
  className=""
  elevation={3}
>
  <div>
    <Image
      alt="Avatar of undefined"
      type="smallAvatar"
    />
    <div>
      <span />
      <span />
    </div>
    <Link
      id="signOut"
      onClick={[Function]}
      to="/"
    >
      Not you?
    </Link>
  </div>
  <Formik
    initialValues={
      Object {
        "password": "",
      }
    }
    onSubmit={[Function]}
    validationSchema={
      ObjectSchema {
        "_blacklist": ReferenceSet {
          "list": Set {},
          "refs": Map {},
        },
        "_blacklistError": undefined,
        "_excludedEdges": Array [],
        "_nodes": Array [
          "password",
        ],
        "_sortErrors": [Function],
        "_typeError": [Function],
        "_whitelist": ReferenceSet {
          "list": Set {},
          "refs": Map {},
        },
        "_whitelistError": undefined,
        "conditions": Array [],
        "deps": Array [],
        "exclusiveTests": Object {},
        "fields": Object {
          "password": StringSchema {
            "_blacklist": ReferenceSet {
              "list": Set {},
              "refs": Map {},
            },
            "_blacklistError": undefined,
            "_mutate": undefined,
            "_typeError": [Function],
            "_whitelist": ReferenceSet {
              "list": Set {},
              "refs": Map {},
            },
            "_whitelistError": undefined,
            "conditions": Array [],
            "deps": Array [],
            "exclusiveTests": Object {
              "matches": false,
              "required": true,
            },
            "spec": Object {
              "abortEarly": true,
              "nullable": false,
              "presence": "required",
              "recursive": true,
              "strict": false,
              "strip": false,
            },
            "tests": Array [
              [Function],
              [Function],
            ],
            "transforms": Array [
              [Function],
            ],
            "type": "string",
          },
        },
        "spec": Object {
          "abortEarly": true,
          "nullable": false,
          "presence": "optional",
          "recursive": true,
          "strict": false,
          "strip": false,
        },
        "tests": Array [],
        "transforms": Array [
          [Function],
        ],
        "type": "object",
      }
    }
  >
    <Component />
  </Formik>
  <div>
    <p>
      Already on LinkedIn?
    </p>
    <Link
      id="signIn"
      onClick={[Function]}
      to="/"
    >
      Sign in
    </Link>
  </div>
</WithStyles(ForwardRef(Paper))>
`;
