// Jest Snapshot v1, https://goo.gl/fbAQLP

exports[`should render SmallNotification component to match snapshot 1`] = `
<div>
  <div
    className=""
  >
    <Memo(ForwardRef(NotificationsNoneOutlinedIcon))
      fontSize="inherit"
    />
    <span>
      Your notifications live here
    </span>
  </div>
  <SharedButton
    disabled={false}
    id="markAllNotificationsAsViewed"
    onClick={[Function]}
    title="Mark all as viewed"
  />
</div>
`;
