// Jest Snapshot v1, https://goo.gl/fbAQLP

exports[`should render MainRoutes to match snapshot 1`] = `
<Switch>
  <Route
    exact={true}
    path="/"
    render={[Function]}
  />
  <Route
    exact={true}
    path="/signup"
    render={[Function]}
  />
  <Route
    exact={true}
    path="/signup_g"
    render={[Function]}
  />
  <Route
    exact={true}
    path="/forgot"
    render={[Function]}
  />
  <ProtectedRoutes
    exact={true}
    path="/home"
    render={[Function]}
  />
  <ProtectedRoutes
    component={[Function]}
    exact={true}
    path="/posts/:id"
  />
  <ProtectedRoutes
    exact={true}
    path="/network"
    render={[Function]}
  />
  <ProtectedRoutes
    exact={true}
    path="/network/connections"
    render={[Function]}
  />
  <ProtectedRoutes
    exact={true}
    path="/network/following"
    render={[Function]}
  />
  <ProtectedRoutes
    exact={true}
    path="/network/followers"
    render={[Function]}
  />
  <ProtectedRoutes
    exact={true}
    path="/network/invitation_manager/received"
    render={[Function]}
  />
  <ProtectedRoutes
    exact={true}
    path="/network/invitation_manager/sent"
    render={[Function]}
  />
  <ProtectedRoutes
    exact={true}
    path="/jobs"
    render={[Function]}
  />
  <ProtectedRoutes
    exact={true}
    path="/jobs/my_jobs"
    render={[Function]}
  />
  <ProtectedRoutes
    exact={true}
    path="/messages"
    render={[Function]}
  />
  <ProtectedRoutes
    exact={true}
    path="/messages/:id"
    render={[Function]}
  />
  <ProtectedRoutes
    exact={true}
    path="/chat/:id"
    render={[Function]}
  />
  <ProtectedRoutes
    exact={true}
    path="/chat/new/:id"
    render={[Function]}
  />
  <ProtectedRoutes
    exact={true}
    path="/notifications"
    render={[Function]}
  />
  <ProtectedRoutes
    component={[Function]}
    exact={true}
    path="/profiles/:id"
  />
  <ProtectedRoutes
    component={[Function]}
    exact={true}
    path="/organization"
  />
  <ProtectedRoutes
    exact={true}
    path="/bookmarked"
    render={[Function]}
  />
  <ProtectedRoutes
    exact={true}
    path="*"
    render={[Function]}
  />
</Switch>
`;
