// Jest Snapshot v1, https://goo.gl/fbAQLP

exports[`should render OrganizationAddition component to match snapshot 1`] = `
<WithStyles(ForwardRef(MenuItem))
  onClick={[MockFunction]}
>
  <div>
    <Memo(ForwardRef(TelegramIcon))
      fontSize="inherit"
    />
  </div>
  <div>
    Share in a message
  </div>
</WithStyles(ForwardRef(MenuItem))>
`;
