// Jest Snapshot v1, https://goo.gl/fbAQLP

exports[`should render InvitationManagerReceived component to match snapshot 1`] = `
<WithStyles(ForwardRef(Container))
  maxWidth="lg"
>
  <WithStyles(ForwardRef(Grid))
    alignItems="flex-start"
    container={true}
    justifyContent="center"
    spacing={4}
  >
    <WithStyles(ForwardRef(Grid))
      item={true}
      md={8}
      xs={12}
    >
      <div>
        <InvitationManagerHeader />
        <InvitationManagerReceivedMain
          data={false}
        />
      </div>
    </WithStyles(ForwardRef(Grid))>
    <Hidden
      smDown={true}
    >
      <WithStyles(ForwardRef(Grid))
        item={true}
        md={3}
      >
        <InvitationManagerRight />
      </WithStyles(ForwardRef(Grid))>
    </Hidden>
  </WithStyles(ForwardRef(Grid))>
</WithStyles(ForwardRef(Container))>
`;
