// Jest Snapshot v1, https://goo.gl/fbAQLP

exports[`should render NewCommentInput component to match snapshot 1`] = `
<div>
  <div>
    <Image
      alt="user avatar"
      type="extraSmallAvatar"
    />
    <div>
      <WithStyles(ForwardRef(InputBase))
        autoFocus={true}
        id="input"
        multiline={true}
        onChange={[Function]}
        onKeyDown={[Function]}
        placeholder="Add a comment..."
        value=""
      />
      <div>
        <Memo(ForwardRef(RemoveCircleIcon))
          fontSize="inherit"
        />
        <div>
          You have exceeded the maximum character limit.
        </div>
      </div>
      <div>
        <SharedButton
          disabled={true}
          id="newCommentButton"
          onClick={[Function]}
          size="small"
          title="Post"
        />
        <div>
          0
        </div>
        <div>
          <span>
            1250
          </span>
        </div>
      </div>
    </div>
  </div>
  <div>
    <div>
      <Comment
        comment={
          Object {
            "createdDate": "2021-01-05T17:09:10.123111",
            "id": 17,
            "isLikedByActiveUser": false,
            "lastModifiedDate": "2021-01-05T17:09:10.123111",
            "numberOfLikes": 0,
            "text": "Comment no.17 goes here.",
            "user": Object {
              "avatarPublicId": "linkedin/avatars/hj8sulgxxo5ywotggkcy",
              "fullName": "Katherine McCarthy",
              "id": 5,
              "positionAndCompany": "HR-consultant at Amazon.com",
            },
          }
        }
        key="17"
        postId={5}
      />
      <Comment
        comment={
          Object {
            "createdDate": "2021-01-06T18:09:10.123112",
            "id": 18,
            "isLikedByActiveUser": false,
            "lastModifiedDate": "2021-01-06T18:09:10.123112",
            "numberOfLikes": 0,
            "text": "Comment no.18 goes here.",
            "user": Object {
              "avatarPublicId": "linkedin/avatars/hj8sulgxxo5ywotggkcy",
              "fullName": "Katherine McCarthy",
              "id": 5,
              "positionAndCompany": "HR-consultant at Amazon.com",
            },
          }
        }
        key="18"
        postId={5}
      />
    </div>
  </div>
</div>
`;
